{"contracts":{"A":{"C":{"evm":{"gasEstimates":{"creation":{"codeDepositCost":"25600","executionCost":"75","totalCost":"25675"},"external":{"f()":"127"}}}}}},"sources":{"A":{"id":0}}}